// Jest Snapshot v1, https://goo.gl/fbAQLP

exports[`language selector snapshot matches 1`] = `
<styled.div>
  <div
    className="languageSelector"
  >
    <span
      className="choice"
      key="en"
    >
      <button
        aria-label="Change language to English"
        className="languagechanger en "
        lang="en"
        onClick={[Function]}
      >
        en
      </button>
    </span>
    <span
      className="choice"
      key="fi"
    >
      <button
        aria-label="Vaihda kieli suomeksi"
        className="languagechanger fi selected"
        lang="fi"
        onClick={[Function]}
      >
        fi
      </button>
    </span>
    <span
      className="choice"
      key="sv"
    >
      <button
        aria-label="Byt språk till svenska"
        className="languagechanger sv "
        lang="sv"
        onClick={[Function]}
      >
        sv
      </button>
    </span>
  </div>
</styled.div>
`;
