// Jest Snapshot v1, https://goo.gl/fbAQLP

exports[`SearchBox snapshot matches 1`] = `
<div
  className="sc-bxivhb SMrtp"
>
  <div
    className="sc-htpNat dmPsyL"
  >
    <label
      htmlFor="search-input"
    >
      <span>
        Valitse järjestö tai oppilaitos
      </span>
    </label>
    <span
      className="fa fa-search"
    />
    <input
      name="search-input"
      onBlur={[Function]}
      onChange={[Function]}
      onKeyDown={[Function]}
      placeholder="Valitse järjestö tai oppilaitos"
      type="text"
      value=""
    />
  </div>
  <div
    className="sc-bwzfXH jsMlNV"
  />
  <div
    className="sc-htpNat dmPsyL"
  >
    <label
      htmlFor="search-input"
    >
      <span>
        Valitse koulutus
      </span>
    </label>
    <span
      className="fa fa-search"
    />
    <input
      name="search-input"
      onBlur={[Function]}
      onChange={[Function]}
      onKeyDown={[Function]}
      placeholder="Valitse koulutus"
      type="text"
      value=""
    />
  </div>
  <button>
    Näytä tulokset
  </button>
</div>
`;
