// Jest Snapshot v1, https://goo.gl/fbAQLP

exports[`theme selector snapshot matches 1`] = `
<styled.div>
  <select
    onChange={[Function]}
  >
    <option
      key="blue"
      value="blue"
    >
      blue
    </option>
    <option
      key="green"
      value="green"
    >
      green
    </option>
    <option
      key="grey"
      value="grey"
    >
      grey
    </option>
  </select>
</styled.div>
`;
