// Jest Snapshot v1, https://goo.gl/fbAQLP

exports[`theme selector snapshot matches 1`] = `
<ThemeProvider
  theme={
    Object {
      "colors": Object {
        "backgroundPrimary": "#ffffff",
        "backgroundSecondary": "#d6e0e5",
        "highlight": "#4300ee",
        "highlightText": "#ffffff",
        "link": "#4300ee",
        "text": "#262626",
      },
      "fonts": Object {
        "headingFontFamily": "Futura",
      },
      "name": "blue",
    }
  }
>
  <IntlProvider
    locale="fi"
    messages={
      Object {
        "header.h1": "Osaamiskiekon avulla hyödynnät osaamisesi monipuolisesti",
        "header.important": "Osaamiskiekko on vielä kehitteillä ja avataan kokonaisena vasta kesällä 2019!",
        "header.p": "Osaamiskiekon avulla löydät harrastus- ja vapaaehtoistoiminnassa hankitun osaamisen rinnakkain tutkintoon johtavien opintojen kanssa.",
        "nav.changetheme": "Valitse teema",
        "nav.language.en": "Change language to English",
        "nav.language.fi": "Vaihda kieli suomeksi",
        "nav.language.sv": "Byt språk till svenska",
        "nav.osaamiskiekko": "Osaamiskiekko",
        "nav.otayhteytta": "Ota yhteyttä",
        "nav.tietoa": "Tietoa",
        "search.placeholder": "Hae...",
        "searchbox.label": "Valitse järjestö tai oppilaitos",
        "searchbox.labelSecondary": "Valitse koulutus",
        "themes.blue": "Sinisikermä",
        "themes.green": "Sammal",
        "themes.grey": "Harmahdus",
      }
    }
  >
    <InjectIntl(ThemeSelector)>
      <ThemeSelector
        intl={
          Object {
            "defaultFormats": Object {},
            "defaultLocale": "en",
            "formatDate": [Function],
            "formatHTMLMessage": [Function],
            "formatMessage": [Function],
            "formatNumber": [Function],
            "formatPlural": [Function],
            "formatRelative": [Function],
            "formatTime": [Function],
            "formats": Object {},
            "formatters": Object {
              "getDateTimeFormat": [Function],
              "getMessageFormat": [Function],
              "getNumberFormat": [Function],
              "getPluralFormat": [Function],
              "getRelativeFormat": [Function],
            },
            "locale": "fi",
            "messages": Object {
              "header.h1": "Osaamiskiekon avulla hyödynnät osaamisesi monipuolisesti",
              "header.important": "Osaamiskiekko on vielä kehitteillä ja avataan kokonaisena vasta kesällä 2019!",
              "header.p": "Osaamiskiekon avulla löydät harrastus- ja vapaaehtoistoiminnassa hankitun osaamisen rinnakkain tutkintoon johtavien opintojen kanssa.",
              "nav.changetheme": "Valitse teema",
              "nav.language.en": "Change language to English",
              "nav.language.fi": "Vaihda kieli suomeksi",
              "nav.language.sv": "Byt språk till svenska",
              "nav.osaamiskiekko": "Osaamiskiekko",
              "nav.otayhteytta": "Ota yhteyttä",
              "nav.tietoa": "Tietoa",
              "search.placeholder": "Hae...",
              "searchbox.label": "Valitse järjestö tai oppilaitos",
              "searchbox.labelSecondary": "Valitse koulutus",
              "themes.blue": "Sinisikermä",
              "themes.green": "Sammal",
              "themes.grey": "Harmahdus",
            },
            "now": [Function],
            "onError": [Function],
            "textComponent": "span",
            "timeZone": null,
          }
        }
      >
        <styled.div>
          <StyledComponent
            forwardedComponent={
              Object {
                "$$typeof": Symbol(react.forward_ref),
                "attrs": Array [],
                "componentStyle": ComponentStyle {
                  "componentId": "sc-bdVaJa",
                  "isStatic": false,
                  "lastClassName": "fHIxWH",
                  "rules": Array [
                    "
position: relative;

select {
  height: 49px;	
  border-radius: 24.5px;	
  background-color: ",
                    [Function],
                    ";
  color: ",
                    [Function],
                    ";
  padding: 5px 40px 5px 20px;
  border: 2px solid ",
                    [Function],
                    ";;
  font-size: 14px;
  -webkit-appearance: none;
  appearance: none;
  outline: none;
  text-transform: uppercase;
  font-weight: bold;
}

select:focus {
  border: 2px solid ",
                    [Function],
                    ";
}

::before {
  content: \\"0d7\\";
  font-family: FontAwesome;
  position: absolute;
  font-size: 5px;
  top: 0;
  right: 10px;
  width: 10px;
  height: 100%;
  text-align: center;
  font-size: 15px;
  line-height: 50px;
  pointer-events: none;
  color: ",
                    [Function],
                    ";
  :hover {
    color: rgba(0, 0, 0, 0.6);
    background-color: rgba(255, 255, 255, 0.2);
  }
}

select option {
  padding: 30px;
}
",
                  ],
                },
                "displayName": "styled.div",
                "foldedComponentIds": Array [],
                "render": [Function],
                "styledComponentId": "sc-bdVaJa",
                "target": "div",
                "toString": [Function],
                "warnTooManyClasses": [Function],
                "withComponent": [Function],
              }
            }
            forwardedRef={null}
          >
            <div
              className="sc-bdVaJa fHIxWH"
            >
              <select
                aria-label="Valitse teema"
                onChange={[Function]}
              >
                <option
                  key="blue"
                  value="blue"
                >
                  Sinisikermä
                </option>
                <option
                  key="green"
                  value="green"
                >
                  Sammal
                </option>
                <option
                  key="grey"
                  value="grey"
                >
                  Harmahdus
                </option>
              </select>
            </div>
          </StyledComponent>
        </styled.div>
      </ThemeSelector>
    </InjectIntl(ThemeSelector)>
  </IntlProvider>
</ThemeProvider>
`;
